running egg_info
writing ../../build/robot_arm/robot_arm.egg-info/PKG-INFO
writing dependency_links to ../../build/robot_arm/robot_arm.egg-info/dependency_links.txt
writing entry points to ../../build/robot_arm/robot_arm.egg-info/entry_points.txt
writing requirements to ../../build/robot_arm/robot_arm.egg-info/requires.txt
writing top-level names to ../../build/robot_arm/robot_arm.egg-info/top_level.txt
reading manifest file '../../build/robot_arm/robot_arm.egg-info/SOURCES.txt'
writing manifest file '../../build/robot_arm/robot_arm.egg-info/SOURCES.txt'
running build
running build_py
running install
running install_lib
running install_data
running install_egg_info
removing '/home/jo/Documents/GitHub/Robotics/ros2_ws/install/robot_arm/lib/python3.12/site-packages/robot_arm-0.1.0-py3.12.egg-info' (and everything under it)
Copying ../../build/robot_arm/robot_arm.egg-info to /home/jo/Documents/GitHub/Robotics/ros2_ws/install/robot_arm/lib/python3.12/site-packages/robot_arm-0.1.0-py3.12.egg-info
running install_scripts
Installing arm_node script to /home/jo/Documents/GitHub/Robotics/ros2_ws/install/robot_arm/lib/robot_arm
Installing pick_and_place_node script to /home/jo/Documents/GitHub/Robotics/ros2_ws/install/robot_arm/lib/robot_arm
writing list of installed files to '/home/jo/Documents/GitHub/Robotics/ros2_ws/build/robot_arm/install.log'
