[1.907s] Invoking command in '/home/jo/Documents/GitHub/Robotics/ros2_ws/src/robot_arm': DEBUGINFOD_URLS=https://debuginfod.ubuntu.com PYTHONPATH=/home/jo/Documents/GitHub/Robotics/ros2_ws/build/robot_arm/prefix_override:/usr/lib/python3/dist-packages/colcon_core/task/python/colcon_distutils_commands:/home/jo/Documents/GitHub/Robotics/ros2_ws/install/robot_arm/lib/python3.12/site-packages:${PYTHONPATH} /usr/bin/python3 -W ignore:setup.py install is deprecated -W ignore:easy_install command is deprecated setup.py egg_info --egg-base ../../build/robot_arm build --build-base /home/jo/Documents/GitHub/Robotics/ros2_ws/build/robot_arm/build install --record /home/jo/Documents/GitHub/Robotics/ros2_ws/build/robot_arm/install.log --single-version-externally-managed install_data
[2.096s] running egg_info
[2.113s] writing ../../build/robot_arm/robot_arm.egg-info/PKG-INFO
[2.113s] writing dependency_links to ../../build/robot_arm/robot_arm.egg-info/dependency_links.txt
[2.114s] writing entry points to ../../build/robot_arm/robot_arm.egg-info/entry_points.txt
[2.115s] writing requirements to ../../build/robot_arm/robot_arm.egg-info/requires.txt
[2.115s] writing top-level names to ../../build/robot_arm/robot_arm.egg-info/top_level.txt
[2.138s] reading manifest file '../../build/robot_arm/robot_arm.egg-info/SOURCES.txt'
[2.148s] writing manifest file '../../build/robot_arm/robot_arm.egg-info/SOURCES.txt'
[2.148s] running build
[2.148s] running build_py
[2.148s] running install
[2.148s] running install_lib
[2.157s] running install_data
[2.157s] running install_egg_info
[2.171s] removing '/home/jo/Documents/GitHub/Robotics/ros2_ws/install/robot_arm/lib/python3.12/site-packages/robot_arm-0.1.0-py3.12.egg-info' (and everything under it)
[2.172s] Copying ../../build/robot_arm/robot_arm.egg-info to /home/jo/Documents/GitHub/Robotics/ros2_ws/install/robot_arm/lib/python3.12/site-packages/robot_arm-0.1.0-py3.12.egg-info
[2.174s] running install_scripts
[2.260s] Installing arm_node script to /home/jo/Documents/GitHub/Robotics/ros2_ws/install/robot_arm/lib/robot_arm
[2.261s] Installing pick_and_place_node script to /home/jo/Documents/GitHub/Robotics/ros2_ws/install/robot_arm/lib/robot_arm
[2.261s] writing list of installed files to '/home/jo/Documents/GitHub/Robotics/ros2_ws/build/robot_arm/install.log'
[2.293s] Invoked command in '/home/jo/Documents/GitHub/Robotics/ros2_ws/src/robot_arm' returned '0': DEBUGINFOD_URLS=https://debuginfod.ubuntu.com PYTHONPATH=/home/jo/Documents/GitHub/Robotics/ros2_ws/build/robot_arm/prefix_override:/usr/lib/python3/dist-packages/colcon_core/task/python/colcon_distutils_commands:/home/jo/Documents/GitHub/Robotics/ros2_ws/install/robot_arm/lib/python3.12/site-packages:${PYTHONPATH} /usr/bin/python3 -W ignore:setup.py install is deprecated -W ignore:easy_install command is deprecated setup.py egg_info --egg-base ../../build/robot_arm build --build-base /home/jo/Documents/GitHub/Robotics/ros2_ws/build/robot_arm/build install --record /home/jo/Documents/GitHub/Robotics/ros2_ws/build/robot_arm/install.log --single-version-externally-managed install_data
