[1.597s] Invoking command in '/home/jo/Documents/GitHub/Robotics/ros2_ws/src/robot_arm': DEBUGINFOD_URLS=https://debuginfod.ubuntu.com PYTHONPATH=/home/jo/Documents/GitHub/Robotics/ros2_ws/build/robot_arm/prefix_override:/usr/lib/python3/dist-packages/colcon_core/task/python/colcon_distutils_commands:/home/jo/Documents/GitHub/Robotics/ros2_ws/install/robot_arm/lib/python3.12/site-packages:${PYTHONPATH} /usr/bin/python3 -W ignore:setup.py install is deprecated -W ignore:easy_install command is deprecated setup.py egg_info --egg-base ../../build/robot_arm build --build-base /home/jo/Documents/GitHub/Robotics/ros2_ws/build/robot_arm/build install --record /home/jo/Documents/GitHub/Robotics/ros2_ws/build/robot_arm/install.log --single-version-externally-managed install_data
[1.862s] running egg_info
[1.863s] creating ../../build/robot_arm/robot_arm.egg-info
[1.878s] writing ../../build/robot_arm/robot_arm.egg-info/PKG-INFO
[1.879s] writing dependency_links to ../../build/robot_arm/robot_arm.egg-info/dependency_links.txt
[1.879s] writing entry points to ../../build/robot_arm/robot_arm.egg-info/entry_points.txt
[1.880s] writing requirements to ../../build/robot_arm/robot_arm.egg-info/requires.txt
[1.880s] writing top-level names to ../../build/robot_arm/robot_arm.egg-info/top_level.txt
[1.881s] writing manifest file '../../build/robot_arm/robot_arm.egg-info/SOURCES.txt'
[1.911s] reading manifest file '../../build/robot_arm/robot_arm.egg-info/SOURCES.txt'
[1.914s] writing manifest file '../../build/robot_arm/robot_arm.egg-info/SOURCES.txt'
[1.916s] running build
[1.916s] running build_py
[1.916s] creating /home/jo/Documents/GitHub/Robotics/ros2_ws/build/robot_arm/build
[1.916s] creating /home/jo/Documents/GitHub/Robotics/ros2_ws/build/robot_arm/build/lib
[1.916s] creating /home/jo/Documents/GitHub/Robotics/ros2_ws/build/robot_arm/build/lib/robot_arm
[1.917s] copying robot_arm/pick_and_place_node.py -> /home/jo/Documents/GitHub/Robotics/ros2_ws/build/robot_arm/build/lib/robot_arm
[1.917s] copying robot_arm/arm_node.py -> /home/jo/Documents/GitHub/Robotics/ros2_ws/build/robot_arm/build/lib/robot_arm
[1.917s] copying robot_arm/__init__.py -> /home/jo/Documents/GitHub/Robotics/ros2_ws/build/robot_arm/build/lib/robot_arm
[1.917s] running install
[1.924s] running install_lib
[1.942s] creating /home/jo/Documents/GitHub/Robotics/ros2_ws/install/robot_arm/lib/python3.12/site-packages/robot_arm
[1.943s] copying /home/jo/Documents/GitHub/Robotics/ros2_ws/build/robot_arm/build/lib/robot_arm/pick_and_place_node.py -> /home/jo/Documents/GitHub/Robotics/ros2_ws/install/robot_arm/lib/python3.12/site-packages/robot_arm
[1.943s] copying /home/jo/Documents/GitHub/Robotics/ros2_ws/build/robot_arm/build/lib/robot_arm/arm_node.py -> /home/jo/Documents/GitHub/Robotics/ros2_ws/install/robot_arm/lib/python3.12/site-packages/robot_arm
[1.943s] copying /home/jo/Documents/GitHub/Robotics/ros2_ws/build/robot_arm/build/lib/robot_arm/__init__.py -> /home/jo/Documents/GitHub/Robotics/ros2_ws/install/robot_arm/lib/python3.12/site-packages/robot_arm
[1.943s] byte-compiling /home/jo/Documents/GitHub/Robotics/ros2_ws/install/robot_arm/lib/python3.12/site-packages/robot_arm/pick_and_place_node.py to pick_and_place_node.cpython-312.pyc
[1.943s] byte-compiling /home/jo/Documents/GitHub/Robotics/ros2_ws/install/robot_arm/lib/python3.12/site-packages/robot_arm/arm_node.py to arm_node.cpython-312.pyc
[1.943s] byte-compiling /home/jo/Documents/GitHub/Robotics/ros2_ws/install/robot_arm/lib/python3.12/site-packages/robot_arm/__init__.py to __init__.cpython-312.pyc
[1.943s] running install_data
[1.943s] creating /home/jo/Documents/GitHub/Robotics/ros2_ws/install/robot_arm/share/ament_index
[1.943s] creating /home/jo/Documents/GitHub/Robotics/ros2_ws/install/robot_arm/share/ament_index/resource_index
[1.943s] creating /home/jo/Documents/GitHub/Robotics/ros2_ws/install/robot_arm/share/ament_index/resource_index/packages
[1.944s] copying resource/robot_arm -> /home/jo/Documents/GitHub/Robotics/ros2_ws/install/robot_arm/share/ament_index/resource_index/packages
[1.944s] copying package.xml -> /home/jo/Documents/GitHub/Robotics/ros2_ws/install/robot_arm/share/robot_arm
[1.944s] running install_egg_info
[1.957s] Copying ../../build/robot_arm/robot_arm.egg-info to /home/jo/Documents/GitHub/Robotics/ros2_ws/install/robot_arm/lib/python3.12/site-packages/robot_arm-0.1.0-py3.12.egg-info
[1.958s] running install_scripts
[2.069s] Installing arm_node script to /home/jo/Documents/GitHub/Robotics/ros2_ws/install/robot_arm/lib/robot_arm
[2.069s] Installing pick_and_place_node script to /home/jo/Documents/GitHub/Robotics/ros2_ws/install/robot_arm/lib/robot_arm
[2.070s] writing list of installed files to '/home/jo/Documents/GitHub/Robotics/ros2_ws/build/robot_arm/install.log'
[2.101s] Invoked command in '/home/jo/Documents/GitHub/Robotics/ros2_ws/src/robot_arm' returned '0': DEBUGINFOD_URLS=https://debuginfod.ubuntu.com PYTHONPATH=/home/jo/Documents/GitHub/Robotics/ros2_ws/build/robot_arm/prefix_override:/usr/lib/python3/dist-packages/colcon_core/task/python/colcon_distutils_commands:/home/jo/Documents/GitHub/Robotics/ros2_ws/install/robot_arm/lib/python3.12/site-packages:${PYTHONPATH} /usr/bin/python3 -W ignore:setup.py install is deprecated -W ignore:easy_install command is deprecated setup.py egg_info --egg-base ../../build/robot_arm build --build-base /home/jo/Documents/GitHub/Robotics/ros2_ws/build/robot_arm/build install --record /home/jo/Documents/GitHub/Robotics/ros2_ws/build/robot_arm/install.log --single-version-externally-managed install_data
