running egg_info
creating ../../build/robot_arm/robot_arm.egg-info
writing ../../build/robot_arm/robot_arm.egg-info/PKG-INFO
writing dependency_links to ../../build/robot_arm/robot_arm.egg-info/dependency_links.txt
writing entry points to ../../build/robot_arm/robot_arm.egg-info/entry_points.txt
writing requirements to ../../build/robot_arm/robot_arm.egg-info/requires.txt
writing top-level names to ../../build/robot_arm/robot_arm.egg-info/top_level.txt
writing manifest file '../../build/robot_arm/robot_arm.egg-info/SOURCES.txt'
reading manifest file '../../build/robot_arm/robot_arm.egg-info/SOURCES.txt'
writing manifest file '../../build/robot_arm/robot_arm.egg-info/SOURCES.txt'
running build
running build_py
creating /home/jo/Documents/GitHub/Robotics/ros2_ws/build/robot_arm/build
creating /home/jo/Documents/GitHub/Robotics/ros2_ws/build/robot_arm/build/lib
creating /home/jo/Documents/GitHub/Robotics/ros2_ws/build/robot_arm/build/lib/robot_arm
copying robot_arm/arm_node.py -> /home/jo/Documents/GitHub/Robotics/ros2_ws/build/robot_arm/build/lib/robot_arm
copying robot_arm/__init__.py -> /home/jo/Documents/GitHub/Robotics/ros2_ws/build/robot_arm/build/lib/robot_arm
running install
running install_lib
creating /home/jo/Documents/GitHub/Robotics/ros2_ws/install/robot_arm/lib/python3.12/site-packages/robot_arm
copying /home/jo/Documents/GitHub/Robotics/ros2_ws/build/robot_arm/build/lib/robot_arm/arm_node.py -> /home/jo/Documents/GitHub/Robotics/ros2_ws/install/robot_arm/lib/python3.12/site-packages/robot_arm
copying /home/jo/Documents/GitHub/Robotics/ros2_ws/build/robot_arm/build/lib/robot_arm/__init__.py -> /home/jo/Documents/GitHub/Robotics/ros2_ws/install/robot_arm/lib/python3.12/site-packages/robot_arm
byte-compiling /home/jo/Documents/GitHub/Robotics/ros2_ws/install/robot_arm/lib/python3.12/site-packages/robot_arm/arm_node.py to arm_node.cpython-312.pyc
byte-compiling /home/jo/Documents/GitHub/Robotics/ros2_ws/install/robot_arm/lib/python3.12/site-packages/robot_arm/__init__.py to __init__.cpython-312.pyc
running install_data
creating /home/jo/Documents/GitHub/Robotics/ros2_ws/install/robot_arm/share/ament_index
creating /home/jo/Documents/GitHub/Robotics/ros2_ws/install/robot_arm/share/ament_index/resource_index
creating /home/jo/Documents/GitHub/Robotics/ros2_ws/install/robot_arm/share/ament_index/resource_index/packages
copying resource/robot_arm -> /home/jo/Documents/GitHub/Robotics/ros2_ws/install/robot_arm/share/ament_index/resource_index/packages
copying package.xml -> /home/jo/Documents/GitHub/Robotics/ros2_ws/install/robot_arm/share/robot_arm
running install_egg_info
Copying ../../build/robot_arm/robot_arm.egg-info to /home/jo/Documents/GitHub/Robotics/ros2_ws/install/robot_arm/lib/python3.12/site-packages/robot_arm-0.1.0-py3.12.egg-info
running install_scripts
Installing arm_node script to /home/jo/Documents/GitHub/Robotics/ros2_ws/install/robot_arm/lib/robot_arm
writing list of installed files to '/home/jo/Documents/GitHub/Robotics/ros2_ws/build/robot_arm/install.log'
