[0.687s] Invoking command in '/home/jo/Documents/GitHub/Robotics/ros2_ws/src/robot_arm': DEBUGINFOD_URLS=https://debuginfod.ubuntu.com PYTHONPATH=/home/jo/Documents/GitHub/Robotics/ros2_ws/build/robot_arm/prefix_override:/usr/lib/python3/dist-packages/colcon_core/task/python/colcon_distutils_commands:/home/jo/Documents/GitHub/Robotics/ros2_ws/install/robot_arm/lib/python3.12/site-packages:${PYTHONPATH} /usr/bin/python3 -W ignore:setup.py install is deprecated -W ignore:easy_install command is deprecated setup.py egg_info --egg-base ../../build/robot_arm build --build-base /home/jo/Documents/GitHub/Robotics/ros2_ws/build/robot_arm/build install --record /home/jo/Documents/GitHub/Robotics/ros2_ws/build/robot_arm/install.log --single-version-externally-managed install_data
[0.878s] running egg_info
[0.881s] creating ../../build/robot_arm/robot_arm.egg-info
[0.911s] writing ../../build/robot_arm/robot_arm.egg-info/PKG-INFO
[0.911s] writing dependency_links to ../../build/robot_arm/robot_arm.egg-info/dependency_links.txt
[0.911s] writing entry points to ../../build/robot_arm/robot_arm.egg-info/entry_points.txt
[0.915s] writing requirements to ../../build/robot_arm/robot_arm.egg-info/requires.txt
[0.915s] writing top-level names to ../../build/robot_arm/robot_arm.egg-info/top_level.txt
[0.915s] writing manifest file '../../build/robot_arm/robot_arm.egg-info/SOURCES.txt'
[0.943s] reading manifest file '../../build/robot_arm/robot_arm.egg-info/SOURCES.txt'
[0.943s] writing manifest file '../../build/robot_arm/robot_arm.egg-info/SOURCES.txt'
[0.944s] running build
[0.944s] running build_py
[0.944s] creating /home/jo/Documents/GitHub/Robotics/ros2_ws/build/robot_arm/build
[0.944s] creating /home/jo/Documents/GitHub/Robotics/ros2_ws/build/robot_arm/build/lib
[0.944s] creating /home/jo/Documents/GitHub/Robotics/ros2_ws/build/robot_arm/build/lib/robot_arm
[0.944s] copying robot_arm/arm_node.py -> /home/jo/Documents/GitHub/Robotics/ros2_ws/build/robot_arm/build/lib/robot_arm
[0.944s] copying robot_arm/__init__.py -> /home/jo/Documents/GitHub/Robotics/ros2_ws/build/robot_arm/build/lib/robot_arm
[0.944s] running install
[0.951s] running install_lib
[0.966s] creating /home/jo/Documents/GitHub/Robotics/ros2_ws/install/robot_arm/lib/python3.12/site-packages/robot_arm
[0.966s] copying /home/jo/Documents/GitHub/Robotics/ros2_ws/build/robot_arm/build/lib/robot_arm/arm_node.py -> /home/jo/Documents/GitHub/Robotics/ros2_ws/install/robot_arm/lib/python3.12/site-packages/robot_arm
[0.967s] copying /home/jo/Documents/GitHub/Robotics/ros2_ws/build/robot_arm/build/lib/robot_arm/__init__.py -> /home/jo/Documents/GitHub/Robotics/ros2_ws/install/robot_arm/lib/python3.12/site-packages/robot_arm
[0.967s] byte-compiling /home/jo/Documents/GitHub/Robotics/ros2_ws/install/robot_arm/lib/python3.12/site-packages/robot_arm/arm_node.py to arm_node.cpython-312.pyc
[0.968s] byte-compiling /home/jo/Documents/GitHub/Robotics/ros2_ws/install/robot_arm/lib/python3.12/site-packages/robot_arm/__init__.py to __init__.cpython-312.pyc
[0.969s] running install_data
[0.969s] creating /home/jo/Documents/GitHub/Robotics/ros2_ws/install/robot_arm/share/ament_index
[0.969s] creating /home/jo/Documents/GitHub/Robotics/ros2_ws/install/robot_arm/share/ament_index/resource_index
[0.969s] creating /home/jo/Documents/GitHub/Robotics/ros2_ws/install/robot_arm/share/ament_index/resource_index/packages
[0.969s] copying resource/robot_arm -> /home/jo/Documents/GitHub/Robotics/ros2_ws/install/robot_arm/share/ament_index/resource_index/packages
[0.969s] copying package.xml -> /home/jo/Documents/GitHub/Robotics/ros2_ws/install/robot_arm/share/robot_arm
[0.969s] running install_egg_info
[0.989s] Copying ../../build/robot_arm/robot_arm.egg-info to /home/jo/Documents/GitHub/Robotics/ros2_ws/install/robot_arm/lib/python3.12/site-packages/robot_arm-0.1.0-py3.12.egg-info
[0.995s] running install_scripts
[1.086s] Installing arm_node script to /home/jo/Documents/GitHub/Robotics/ros2_ws/install/robot_arm/lib/robot_arm
[1.087s] writing list of installed files to '/home/jo/Documents/GitHub/Robotics/ros2_ws/build/robot_arm/install.log'
[1.125s] Invoked command in '/home/jo/Documents/GitHub/Robotics/ros2_ws/src/robot_arm' returned '0': DEBUGINFOD_URLS=https://debuginfod.ubuntu.com PYTHONPATH=/home/jo/Documents/GitHub/Robotics/ros2_ws/build/robot_arm/prefix_override:/usr/lib/python3/dist-packages/colcon_core/task/python/colcon_distutils_commands:/home/jo/Documents/GitHub/Robotics/ros2_ws/install/robot_arm/lib/python3.12/site-packages:${PYTHONPATH} /usr/bin/python3 -W ignore:setup.py install is deprecated -W ignore:easy_install command is deprecated setup.py egg_info --egg-base ../../build/robot_arm build --build-base /home/jo/Documents/GitHub/Robotics/ros2_ws/build/robot_arm/build install --record /home/jo/Documents/GitHub/Robotics/ros2_ws/build/robot_arm/install.log --single-version-externally-managed install_data
